// Jest Snapshot v1, https://goo.gl/fbAQLP

exports[`withMain withMain is rendered correctly 1`] = `
<div>
  <header>
    Popular
  </header>
  <span />
</div>
`;
