// Jest Snapshot v1, https://goo.gl/fbAQLP

exports[`MockComponentWrapped is rendered correctly 1`] = `<div />`;
